[2026-05-24T07:27:38.066Z] [CustomCmd] chat=256985710764182@lid, sender=256985710764182@lid, msg="الاوامر", state=undefined
[2026-05-24T10:26:28.886Z] [CustomCmd] chat=256985710764182@lid, sender=256985710764182@lid, msg="الاوامر", state=undefined
[2026-05-24T10:26:31.100Z] [CustomCmd] chat=256985710764182@lid, sender=256985710764182@lid, msg="م2", state=undefined
[2026-05-24T10:26:37.117Z] [CustomCmd] chat=256985710764182@lid, sender=256985710764182@lid, msg="الاوامر", state=undefined
[2026-05-24T14:26:11.033Z] [CustomCmd] chat=120363425110232090@g.us, sender=263806118797548@lid, msg="فيديو فيديو https://www.instagram.com/reel/ds9hirvkz8e/", state=undefined
[2026-05-24T14:26:16.903Z] [CustomCmd] chat=120363425110232090@g.us, sender=263806118797548@lid, msg="فيديو https://www.instagram.com/reel/ds9hirvkz8e/", state=undefined
[2026-05-24T14:26:36.195Z] [CustomCmd] chat=120363425110232090@g.us, sender=263806118797548@lid, msg="اغنية https://www.youtube.com/watch?v=dqw4w9wgxcq", state=undefined
[2026-05-24T14:27:51.753Z] [CustomCmd] chat=120363425110232090@g.us, sender=263806118797548@lid, msg="فيديو", state=undefined
[2026-05-24T14:27:56.687Z] [CustomCmd] chat=120363425110232090@g.us, sender=263806118797548@lid, msg="اغنية https://www.youtube.com/watch?v=dqw4w9wgxcq", state=undefined
[2026-05-24T14:28:33.434Z] [CustomCmd] chat=120363425110232090@g.us, sender=263806118797548@lid, msg="اغنية https://www.youtube.com/watch?v=dqw4w9wgxcq", state=undefined
[2026-05-24T14:29:02.513Z] [CustomCmd] chat=120363425110232090@g.us, sender=263806118797548@lid, msg="اغنية https://www.youtube.com/watch?v=dqw4w9wgxcq", state=undefined
[2026-05-24T14:31:02.573Z] [CustomCmd] chat=120363425110232090@g.us, sender=263806118797548@lid, msg="اغنية https://www.youtube.com/watch?v=dqw4w9wgxcq", state=undefined
[2026-05-24T14:32:04.268Z] [CustomCmd] chat=120363425110232090@g.us, sender=263806118797548@lid, msg="فيديو https://www.instagram.com/reel/ds9hirvkz8e/", state=undefined
[2026-05-24T14:35:03.741Z] [CustomCmd] chat=120363425110232090@g.us, sender=263806118797548@lid, msg="فيديو https://www.tiktok.com/@khaby.lame/video/7036662492147109126", state=undefined
[2026-05-24T14:37:02.690Z] [CustomCmd] chat=120363425110232090@g.us, sender=263806118797548@lid, msg="فيديو https://vm.tiktok.com/zp8bs9gbw/", state=undefined
[2026-05-24T14:37:13.886Z] [CustomCmd] chat=120363425110232090@g.us, sender=263806118797548@lid, msg="فيديو https://vm.tiktok.com/zp8bs9gbw/", state=undefined
[2026-05-24T14:37:21.392Z] [CustomCmd] chat=120363425110232090@g.us, sender=263806118797548@lid, msg="فيديو https://vm.tiktok.com/zp8bs9gbw", state=undefined
[2026-05-24T14:38:50.962Z] [CustomCmd] chat=120363425110232090@g.us, sender=263806118797548@lid, msg="فيديو https://www.tiktok.com/@tiktok/video/7106595303818632298", state=undefined
[2026-05-24T14:42:03.502Z] [CustomCmd] chat=120363425110232090@g.us, sender=263806118797548@lid, msg="فيديو https://www.tiktok.com/@chef_ousman/video/7614890236082015506?lang=ar", state=undefined
[2026-05-24T14:42:17.945Z] [CustomCmd] chat=120363425110232090@g.us, sender=263806118797548@lid, msg="فيديو https://www.tiktok.com/@chef_ousman/video/7614890236082015506", state=undefined
[2026-05-24T14:50:21.979Z] [CustomCmd] chat=120363425110232090@g.us, sender=263806118797548@lid, msg="اغنية https://www.youtube.com/watch?v=dqw4w9wgxcq", state=undefined
[2026-05-24T14:50:31.362Z] [CustomCmd] chat=120363425110232090@g.us, sender=263806118797548@lid, msg="فيديو https://www.youtube.com/watch?v=dqw4w9wgxcq", state=undefined
[2026-05-24T15:06:30.365Z] [CustomCmd] chat=120363425110232090@g.us, sender=263806118797548@lid, msg="الاوامر", state=undefined
[2026-05-24T15:07:38.716Z] [CustomCmd] chat=120363425110232090@g.us, sender=263806118797548@lid, msg="فيديو https://www.youtube.com/watch?v=dqw4w9wgxcq", state=undefined
[2026-05-24T15:07:39.266Z] [CustomCmd] chat=120363425110232090@g.us, sender=263806118797548@lid, msg="فيديو https://www.tiktok.com/@chef_ousman/video/7614890236082015506", state=undefined
[2026-05-24T15:10:04.020Z] [CustomCmd] chat=120363425110232090@g.us, sender=263806118797548@lid, msg="فيديو سكس", state=undefined
[2026-05-24T15:11:13.353Z] [CustomCmd] chat=120363425110232090@g.us, sender=263806118797548@lid, msg="فيديو https://www.tiktok.com/@chef_ousman/video/7614890236082015506", state=undefined
[2026-05-24T15:16:49.315Z] [CustomCmd] chat=120363425110232090@g.us, sender=263806118797548@lid, msg="فيديو https://www.tiktok.com/@chef_ousman/video/7614890236082015506", state=undefined
[2026-05-24T15:16:53.590Z] [CustomCmd] chat=120363425110232090@g.us, sender=263806118797548@lid, msg="تيك توك فيديو https://www.tiktok.com/@chef_ousman/video/7614890236082015506", state=undefined
[2026-05-24T15:17:08.336Z] [CustomCmd] chat=120363425110232090@g.us, sender=263806118797548@lid, msg="تيك توك https://www.tiktok.com/@chef_ousman/video/7614890236082015506", state=undefined
[2026-05-24T15:18:44.921Z] [CustomCmd] chat=120363425110232090@g.us, sender=263806118797548@lid, msg="فيديو https://www.tiktok.com/@chef_ousman/video/7614890236082015506", state=undefined
[2026-05-24T15:20:56.772Z] [CustomCmd] chat=120363425110232090@g.us, sender=263806118797548@lid, msg="فيديو https://www.tiktok.com/@chef_ousman/video/7614890236082015506", state=undefined
[2026-05-24T15:21:32.550Z] [CustomCmd] chat=120363425110232090@g.us, sender=263806118797548@lid, msg="فيديو https://www.youtube.com/watch?v=dqw4w9wgxcq", state=undefined
[2026-05-24T15:21:43.110Z] [CustomCmd] chat=120363425110232090@g.us, sender=263806118797548@lid, msg="فيديو فيديو https://www.instagram.com/reel/ds9hirvkz8e/", state=undefined
[2026-05-24T15:22:00.564Z] [CustomCmd] chat=120363425110232090@g.us, sender=263806118797548@lid, msg="فيديو فيديو https://www.instagram.com/reel/ds9hirvkz8e", state=undefined
[2026-05-24T15:22:10.189Z] [CustomCmd] chat=120363425110232090@g.us, sender=263806118797548@lid, msg="فيديو https://www.instagram.com/reel/ds9hirvkz8e/", state=undefined
[2026-05-24T15:26:32.786Z] [CustomCmd] chat=120363425110232090@g.us, sender=263806118797548@lid, msg="فيديو https://www.instagram.com/reel/ds9hirvkz8e/", state=undefined
[2026-05-24T15:26:47.425Z] [CustomCmd] chat=120363425110232090@g.us, sender=263806118797548@lid, msg="فيديو https://www.tiktok.com/@chef_ousman/video/7614890236082015506", state=undefined
[2026-05-24T15:27:17.188Z] [CustomCmd] chat=120363425110232090@g.us, sender=263806118797548@lid, msg="فيديو https://www.instagram.com/reel/ds9hirvkz8e", state=undefined
[2026-05-24T15:28:00.030Z] [CustomCmd] chat=120363425110232090@g.us, sender=263806118797548@lid, msg="فيديو https://www.instagram.com/reel/ds9hirvkz8e", state=undefined
[2026-05-24T15:30:21.722Z] [CustomCmd] chat=120363425110232090@g.us, sender=263806118797548@lid, msg="فيديو https://www.instagram.com/reel/ds9hirvkz8e", state=undefined
[2026-05-24T15:33:24.992Z] [CustomCmd] chat=120363425110232090@g.us, sender=263806118797548@lid, msg="فيديو https://www.instagram.com/reel/ds9hirvkz8e", state=undefined
[2026-05-24T15:34:40.327Z] [CustomCmd] chat=120363425110232090@g.us, sender=263806118797548@lid, msg="فيديو https://www.tiktok.com/@chef_ousman/video/7614890236082015506", state=undefined
[2026-05-24T18:15:31.151Z] [CustomCmd] chat=120363425110232090@g.us, sender=263806118797548@lid, msg="فيديو https://www.instagram.com/reel/ds9hirvkz8e", state=undefined
[2026-05-24T18:15:44.313Z] [CustomCmd] chat=120363425110232090@g.us, sender=263806118797548@lid, msg="فيديو https://www.tiktok.com/@chef_ousman/video/7614890236082015506", state=undefined
[2026-05-24T18:18:34.416Z] [CustomCmd] chat=120363425110232090@g.us, sender=263806118797548@lid, msg="م5", state=undefined
[2026-05-24T18:18:58.593Z] [CustomCmd] chat=120363425110232090@g.us, sender=263806118797548@lid, msg="سبوتيفاي", state=undefined
[2026-05-24T18:19:12.363Z] [CustomCmd] chat=120363425110232090@g.us, sender=263806118797548@lid, msg="سبوتيفاي بتمنى انساك", state=undefined
[2026-05-24T18:19:23.310Z] [CustomCmd] chat=120363425110232090@g.us, sender=263806118797548@lid, msg="الاوامر", state=undefined
[2026-05-24T18:34:52.473Z] [CustomCmd] chat=120363425110232090@g.us, sender=263806118797548@lid, msg="فيديو https://www.youtube.com/watch?v=dqw4w9wgxcq", state=undefined
[2026-05-24T18:34:55.608Z] [CustomCmd] chat=120363425110232090@g.us, sender=263806118797548@lid, msg="فيديو https://www.tiktok.com/@chef_ousman/video/7614890236082015506", state=undefined
[2026-05-24T18:57:17.707Z] [CustomCmd] chat=120363425110232090@g.us, sender=263806118797548@lid, msg="الاوامر", state=undefined
[2026-05-24T18:58:20.727Z] [CustomCmd] chat=120363425110232090@g.us, sender=263806118797548@lid, msg="فيديو https://www.youtube.com/watch?v=dqw4w9wgxcq", state=undefined
[2026-05-24T18:58:29.831Z] [CustomCmd] chat=120363425110232090@g.us, sender=263806118797548@lid, msg="فيديو https://www.tiktok.com/@chef_ousman/video/7614890236082015506", state=undefined
[2026-05-24T19:02:41.558Z] [CustomCmd] chat=120363425110232090@g.us, sender=263806118797548@lid, msg="فيديو https://www.youtube.com/watch?v=dqw4w9wgxcq", state=undefined
[2026-05-24T19:02:54.168Z] [CustomCmd] chat=120363425110232090@g.us, sender=263806118797548@lid, msg="فيديو https://www.tiktok.com/@chef_ousman/video/7614890236082015506", state=undefined
[2026-05-24T19:31:59.617Z] [CustomCmd] chat=120363425110232090@g.us, sender=263806118797548@lid, msg="فيديو https://www.tiktok.com/@chef_ousman/video/7614890236082015506", state=undefined
[2026-05-24T19:32:37.650Z] [CustomCmd] chat=120363425110232090@g.us, sender=263806118797548@lid, msg="فيديو https://www.tiktok.com/@chef_ousman/video/7614890236082015506", state=undefined
[2026-05-24T20:00:08.089Z] [CustomCmd] chat=120363425110232090@g.us, sender=263806118797548@lid, msg="فيديو https://www.tiktok.com/@chef_ousman/video/7614890236082015506", state=undefined
[2026-05-24T20:00:38.267Z] [CustomCmd] chat=120363425110232090@g.us, sender=263806118797548@lid, msg="فيديو https://www.tiktok.com/@chef_ousman/video/7614890236082015506", state=undefined
[2026-05-24T20:00:38.445Z] [CustomCmd] chat=120363425110232090@g.us, sender=263806118797548@lid, msg="فيديو https://www.youtube.com/watch?v=dqw4w9wgxcq", state=undefined
[2026-05-24T20:04:45.561Z] [CustomCmd] chat=120363425110232090@g.us, sender=263806118797548@lid, msg="فيديو https://www.youtube.com/watch?v=dqw4w9wgxcq", state=undefined
[2026-05-24T20:04:48.158Z] [CustomCmd] chat=120363425110232090@g.us, sender=263806118797548@lid, msg="فيديو https://www.tiktok.com/@chef_ousman/video/7614890236082015506", state=undefined
[2026-05-24T20:10:31.163Z] [CustomCmd] chat=120363425110232090@g.us, sender=263806118797548@lid, msg="اغنية https://www.youtube.com/watch?v=dqw4w9wgxcq", state=undefined
[2026-05-24T20:10:47.842Z] [CustomCmd] chat=120363425110232090@g.us, sender=263806118797548@lid, msg="اغنية https://www.tiktok.com/@chef_ousman/video/7614890236082015506", state=undefined
[2026-05-24T20:11:49.388Z] [CustomCmd] chat=120363425110232090@g.us, sender=263806118797548@lid, msg="سبوتيفاي بتمنى انساك", state=undefined
[2026-05-24T20:16:51.043Z] [CustomCmd] chat=120363425110232090@g.us, sender=263806118797548@lid, msg="م5", state=undefined
[2026-05-24T20:21:01.369Z] [CustomCmd] chat=120363425110232090@g.us, sender=263806118797548@lid, msg="الرابط", state=undefined
[2026-05-24T20:21:21.299Z] [CustomCmd] chat=120363425110232090@g.us, sender=263806118797548@lid, msg="معدني كسي", state=undefined
[2026-05-24T20:21:31.740Z] [CustomCmd] chat=120363425110232090@g.us, sender=263806118797548@lid, msg="معدني اللهم اغفر لي", state=undefined
[2026-05-24T20:21:42.572Z] [CustomCmd] chat=120363425110232090@g.us, sender=263806118797548@lid, msg="ذكاء", state=undefined
[2026-05-24T20:21:50.527Z] [CustomCmd] chat=120363425110232090@g.us, sender=263806118797548@lid, msg="جبتي كيفك", state=undefined
[2026-05-25T08:01:36.160Z] [CustomCmd] chat=120363425110232090@g.us, sender=263806118797548@lid, msg="جبتي", state=undefined
[2026-05-25T08:01:43.240Z] [CustomCmd] chat=120363425110232090@g.us, sender=263806118797548@lid, msg="جبتي كيف الحال", state=undefined
[2026-05-25T08:01:47.985Z] [CustomCmd] chat=120363425110232090@g.us, sender=263806118797548@lid, msg="ميتا كيفك", state=undefined
[2026-05-25T08:02:11.661Z] [CustomCmd] chat=120363425110232090@g.us, sender=263806118797548@lid, msg="ميتا كس امك", state=undefined
[2026-05-25T08:02:29.654Z] [CustomCmd] chat=120363425110232090@g.us, sender=263806118797548@lid, msg="ميتا ليش ماتتكلم عربي", state=undefined
[2026-05-25T08:03:33.301Z] [CustomCmd] chat=120363425110232090@g.us, sender=263806118797548@lid, msg="ميتا كيف", state=undefined
[2026-05-25T08:03:57.421Z] [CustomCmd] chat=120363425110232090@g.us, sender=263806118797548@lid, msg="ميتا احنا في اي يوم", state=undefined
[2026-05-25T08:04:51.427Z] [CustomCmd] chat=120363425110232090@g.us, sender=263806118797548@lid, msg="ميتا هل يمكنك معرفة التاريخ مثلا عبر البحث في الويب او الاستعلام من اي مكان", state=undefined
[2026-05-25T08:06:30.180Z] [CustomCmd] chat=120363425110232090@g.us, sender=263806118797548@lid, msg="جكني كيفك", state=undefined
[2026-05-25T08:06:34.506Z] [CustomCmd] chat=120363425110232090@g.us, sender=263806118797548@lid, msg="جمني كيف", state=undefined
[2026-05-25T08:06:40.267Z] [CustomCmd] chat=120363425110232090@g.us, sender=263806118797548@lid, msg="جمناي كيف", state=undefined
[2026-05-25T08:06:42.346Z] [CustomCmd] chat=120363425110232090@g.us, sender=263806118797548@lid, msg="ذكاء", state=undefined
[2026-05-25T08:06:53.462Z] [CustomCmd] chat=120363425110232090@g.us, sender=263806118797548@lid, msg="جيمناي كيف", state=undefined
[2026-05-25T08:06:59.443Z] [CustomCmd] chat=120363425110232090@g.us, sender=263806118797548@lid, msg="جيمني كيف", state=undefined
