[2026-05-24T07:27:38.066Z] [DEBUG] cleanMessage="الاوامر", originalCommand="null"
[2026-05-24T07:27:38.066Z] [DEBUG customCommands] checking: "الاوامر"
[2026-05-24T10:26:28.885Z] [DEBUG] cleanMessage="الاوامر", originalCommand="null"
[2026-05-24T10:26:28.886Z] [DEBUG customCommands] checking: "الاوامر"
[2026-05-24T10:26:31.100Z] [DEBUG] cleanMessage="م2", originalCommand="null"
[2026-05-24T10:26:31.100Z] [DEBUG customCommands] checking: "م2"
[2026-05-24T10:26:37.117Z] [DEBUG] cleanMessage="الاوامر", originalCommand="null"
[2026-05-24T10:26:37.117Z] [DEBUG customCommands] checking: "الاوامر"
[2026-05-24T14:26:11.028Z] [DEBUG] cleanMessage="فيديو فيديو https://www.instagram.com/reel/ds9hirvkz8e/", originalCommand="null"
[2026-05-24T14:26:11.033Z] [DEBUG customCommands] checking: "فيديو فيديو https://www.instagram.com/reel/ds9hirvkz8e/"
[2026-05-24T14:26:16.903Z] [DEBUG] cleanMessage="فيديو https://www.instagram.com/reel/ds9hirvkz8e/", originalCommand="null"
[2026-05-24T14:26:16.903Z] [DEBUG customCommands] checking: "فيديو https://www.instagram.com/reel/ds9hirvkz8e/"
[2026-05-24T14:26:36.195Z] [DEBUG] cleanMessage="اغنية https://www.youtube.com/watch?v=dqw4w9wgxcq", originalCommand="null"
[2026-05-24T14:26:36.195Z] [DEBUG customCommands] checking: "اغنية https://www.youtube.com/watch?v=dqw4w9wgxcq"
[2026-05-24T14:27:51.753Z] [DEBUG] cleanMessage="فيديو", originalCommand="null"
[2026-05-24T14:27:51.753Z] [DEBUG customCommands] checking: "فيديو"
[2026-05-24T14:27:56.687Z] [DEBUG] cleanMessage="اغنية https://www.youtube.com/watch?v=dqw4w9wgxcq", originalCommand="null"
[2026-05-24T14:27:56.687Z] [DEBUG customCommands] checking: "اغنية https://www.youtube.com/watch?v=dqw4w9wgxcq"
[2026-05-24T14:28:33.434Z] [DEBUG] cleanMessage="اغنية https://www.youtube.com/watch?v=dqw4w9wgxcq", originalCommand="null"
[2026-05-24T14:28:33.434Z] [DEBUG customCommands] checking: "اغنية https://www.youtube.com/watch?v=dqw4w9wgxcq"
[2026-05-24T14:29:02.513Z] [DEBUG] cleanMessage="اغنية https://www.youtube.com/watch?v=dqw4w9wgxcq", originalCommand="null"
[2026-05-24T14:29:02.513Z] [DEBUG customCommands] checking: "اغنية https://www.youtube.com/watch?v=dqw4w9wgxcq"
[2026-05-24T14:31:02.570Z] [DEBUG] cleanMessage="اغنية https://www.youtube.com/watch?v=dqw4w9wgxcq", originalCommand="null"
[2026-05-24T14:31:02.573Z] [DEBUG customCommands] checking: "اغنية https://www.youtube.com/watch?v=dqw4w9wgxcq"
[2026-05-24T14:32:04.267Z] [DEBUG] cleanMessage="فيديو https://www.instagram.com/reel/ds9hirvkz8e/", originalCommand="null"
[2026-05-24T14:32:04.267Z] [DEBUG customCommands] checking: "فيديو https://www.instagram.com/reel/ds9hirvkz8e/"
[2026-05-24T14:35:03.741Z] [DEBUG] cleanMessage="فيديو https://www.tiktok.com/@khaby.lame/video/7036662492147109126", originalCommand="null"
[2026-05-24T14:35:03.741Z] [DEBUG customCommands] checking: "فيديو https://www.tiktok.com/@khaby.lame/video/7036662492147109126"
[2026-05-24T14:37:02.690Z] [DEBUG] cleanMessage="فيديو https://vm.tiktok.com/zp8bs9gbw/", originalCommand="null"
[2026-05-24T14:37:02.690Z] [DEBUG customCommands] checking: "فيديو https://vm.tiktok.com/zp8bs9gbw/"
[2026-05-24T14:37:13.886Z] [DEBUG] cleanMessage="فيديو https://vm.tiktok.com/zp8bs9gbw/", originalCommand="null"
[2026-05-24T14:37:13.886Z] [DEBUG customCommands] checking: "فيديو https://vm.tiktok.com/zp8bs9gbw/"
[2026-05-24T14:37:21.391Z] [DEBUG] cleanMessage="فيديو https://vm.tiktok.com/zp8bs9gbw", originalCommand="null"
[2026-05-24T14:37:21.392Z] [DEBUG customCommands] checking: "فيديو https://vm.tiktok.com/zp8bs9gbw"
[2026-05-24T14:38:50.962Z] [DEBUG] cleanMessage="فيديو https://www.tiktok.com/@tiktok/video/7106595303818632298", originalCommand="null"
[2026-05-24T14:38:50.962Z] [DEBUG customCommands] checking: "فيديو https://www.tiktok.com/@tiktok/video/7106595303818632298"
[2026-05-24T14:42:03.501Z] [DEBUG] cleanMessage="فيديو https://www.tiktok.com/@chef_ousman/video/7614890236082015506?lang=ar", originalCommand="null"
[2026-05-24T14:42:03.501Z] [DEBUG customCommands] checking: "فيديو https://www.tiktok.com/@chef_ousman/video/7614890236082015506?lang=ar"
[2026-05-24T14:42:17.944Z] [DEBUG] cleanMessage="فيديو https://www.tiktok.com/@chef_ousman/video/7614890236082015506", originalCommand="null"
[2026-05-24T14:42:17.945Z] [DEBUG customCommands] checking: "فيديو https://www.tiktok.com/@chef_ousman/video/7614890236082015506"
[2026-05-24T14:50:21.979Z] [DEBUG] cleanMessage="اغنية https://www.youtube.com/watch?v=dqw4w9wgxcq", originalCommand="null"
[2026-05-24T14:50:21.979Z] [DEBUG customCommands] checking: "اغنية https://www.youtube.com/watch?v=dqw4w9wgxcq"
[2026-05-24T14:50:31.361Z] [DEBUG] cleanMessage="فيديو https://www.youtube.com/watch?v=dqw4w9wgxcq", originalCommand="null"
[2026-05-24T14:50:31.362Z] [DEBUG customCommands] checking: "فيديو https://www.youtube.com/watch?v=dqw4w9wgxcq"
[2026-05-24T15:06:30.365Z] [DEBUG] cleanMessage="الاوامر", originalCommand="null"
[2026-05-24T15:06:30.365Z] [DEBUG customCommands] checking: "الاوامر"
[2026-05-24T15:07:38.715Z] [DEBUG] cleanMessage="فيديو https://www.youtube.com/watch?v=dqw4w9wgxcq", originalCommand="null"
[2026-05-24T15:07:38.715Z] [DEBUG customCommands] checking: "فيديو https://www.youtube.com/watch?v=dqw4w9wgxcq"
[2026-05-24T15:07:39.266Z] [DEBUG] cleanMessage="فيديو https://www.tiktok.com/@chef_ousman/video/7614890236082015506", originalCommand="null"
[2026-05-24T15:07:39.266Z] [DEBUG customCommands] checking: "فيديو https://www.tiktok.com/@chef_ousman/video/7614890236082015506"
[2026-05-24T15:10:04.019Z] [DEBUG] cleanMessage="فيديو سكس", originalCommand="null"
[2026-05-24T15:10:04.019Z] [DEBUG customCommands] checking: "فيديو سكس"
[2026-05-24T15:11:13.352Z] [DEBUG] cleanMessage="فيديو https://www.tiktok.com/@chef_ousman/video/7614890236082015506", originalCommand="null"
[2026-05-24T15:11:13.352Z] [DEBUG customCommands] checking: "فيديو https://www.tiktok.com/@chef_ousman/video/7614890236082015506"
[2026-05-24T15:16:49.298Z] [DEBUG] cleanMessage="فيديو https://www.tiktok.com/@chef_ousman/video/7614890236082015506", originalCommand="null"
[2026-05-24T15:16:49.313Z] [DEBUG customCommands] checking: "فيديو https://www.tiktok.com/@chef_ousman/video/7614890236082015506"
[2026-05-24T15:16:53.590Z] [DEBUG] cleanMessage="تيك توك فيديو https://www.tiktok.com/@chef_ousman/video/7614890236082015506", originalCommand="null"
[2026-05-24T15:16:53.590Z] [DEBUG customCommands] checking: "تيك توك فيديو https://www.tiktok.com/@chef_ousman/video/7614890236082015506"
[2026-05-24T15:17:08.335Z] [DEBUG] cleanMessage="تيك توك https://www.tiktok.com/@chef_ousman/video/7614890236082015506", originalCommand="null"
[2026-05-24T15:17:08.336Z] [DEBUG customCommands] checking: "تيك توك https://www.tiktok.com/@chef_ousman/video/7614890236082015506"
[2026-05-24T15:18:44.920Z] [DEBUG] cleanMessage="فيديو https://www.tiktok.com/@chef_ousman/video/7614890236082015506", originalCommand="null"
[2026-05-24T15:18:44.921Z] [DEBUG customCommands] checking: "فيديو https://www.tiktok.com/@chef_ousman/video/7614890236082015506"
[2026-05-24T15:20:56.772Z] [DEBUG] cleanMessage="فيديو https://www.tiktok.com/@chef_ousman/video/7614890236082015506", originalCommand="null"
[2026-05-24T15:20:56.772Z] [DEBUG customCommands] checking: "فيديو https://www.tiktok.com/@chef_ousman/video/7614890236082015506"
[2026-05-24T15:21:32.550Z] [DEBUG] cleanMessage="فيديو https://www.youtube.com/watch?v=dqw4w9wgxcq", originalCommand="null"
[2026-05-24T15:21:32.550Z] [DEBUG customCommands] checking: "فيديو https://www.youtube.com/watch?v=dqw4w9wgxcq"
[2026-05-24T15:21:43.110Z] [DEBUG] cleanMessage="فيديو فيديو https://www.instagram.com/reel/ds9hirvkz8e/", originalCommand="null"
[2026-05-24T15:21:43.110Z] [DEBUG customCommands] checking: "فيديو فيديو https://www.instagram.com/reel/ds9hirvkz8e/"
[2026-05-24T15:22:00.563Z] [DEBUG] cleanMessage="فيديو فيديو https://www.instagram.com/reel/ds9hirvkz8e", originalCommand="null"
[2026-05-24T15:22:00.563Z] [DEBUG customCommands] checking: "فيديو فيديو https://www.instagram.com/reel/ds9hirvkz8e"
[2026-05-24T15:22:10.189Z] [DEBUG] cleanMessage="فيديو https://www.instagram.com/reel/ds9hirvkz8e/", originalCommand="null"
[2026-05-24T15:22:10.189Z] [DEBUG customCommands] checking: "فيديو https://www.instagram.com/reel/ds9hirvkz8e/"
[2026-05-24T15:26:32.785Z] [DEBUG] cleanMessage="فيديو https://www.instagram.com/reel/ds9hirvkz8e/", originalCommand="null"
[2026-05-24T15:26:32.785Z] [DEBUG customCommands] checking: "فيديو https://www.instagram.com/reel/ds9hirvkz8e/"
[2026-05-24T15:26:47.424Z] [DEBUG] cleanMessage="فيديو https://www.tiktok.com/@chef_ousman/video/7614890236082015506", originalCommand="null"
[2026-05-24T15:26:47.424Z] [DEBUG customCommands] checking: "فيديو https://www.tiktok.com/@chef_ousman/video/7614890236082015506"
[2026-05-24T15:27:17.188Z] [DEBUG] cleanMessage="فيديو https://www.instagram.com/reel/ds9hirvkz8e", originalCommand="null"
[2026-05-24T15:27:17.188Z] [DEBUG customCommands] checking: "فيديو https://www.instagram.com/reel/ds9hirvkz8e"
[2026-05-24T15:28:00.029Z] [DEBUG] cleanMessage="فيديو https://www.instagram.com/reel/ds9hirvkz8e", originalCommand="null"
[2026-05-24T15:28:00.029Z] [DEBUG customCommands] checking: "فيديو https://www.instagram.com/reel/ds9hirvkz8e"
[2026-05-24T15:30:21.722Z] [DEBUG] cleanMessage="فيديو https://www.instagram.com/reel/ds9hirvkz8e", originalCommand="null"
[2026-05-24T15:30:21.722Z] [DEBUG customCommands] checking: "فيديو https://www.instagram.com/reel/ds9hirvkz8e"
[2026-05-24T15:33:24.992Z] [DEBUG] cleanMessage="فيديو https://www.instagram.com/reel/ds9hirvkz8e", originalCommand="null"
[2026-05-24T15:33:24.992Z] [DEBUG customCommands] checking: "فيديو https://www.instagram.com/reel/ds9hirvkz8e"
[2026-05-24T15:34:40.327Z] [DEBUG] cleanMessage="فيديو https://www.tiktok.com/@chef_ousman/video/7614890236082015506", originalCommand="null"
[2026-05-24T15:34:40.327Z] [DEBUG customCommands] checking: "فيديو https://www.tiktok.com/@chef_ousman/video/7614890236082015506"
[2026-05-24T18:15:31.150Z] [DEBUG] cleanMessage="فيديو https://www.instagram.com/reel/ds9hirvkz8e", originalCommand="null"
[2026-05-24T18:15:31.151Z] [DEBUG customCommands] checking: "فيديو https://www.instagram.com/reel/ds9hirvkz8e"
[2026-05-24T18:15:44.312Z] [DEBUG] cleanMessage="فيديو https://www.tiktok.com/@chef_ousman/video/7614890236082015506", originalCommand="null"
[2026-05-24T18:15:44.312Z] [DEBUG customCommands] checking: "فيديو https://www.tiktok.com/@chef_ousman/video/7614890236082015506"
[2026-05-24T18:18:34.415Z] [DEBUG] cleanMessage="م5", originalCommand="null"
[2026-05-24T18:18:34.416Z] [DEBUG customCommands] checking: "م5"
[2026-05-24T18:18:58.593Z] [DEBUG] cleanMessage="سبوتيفاي", originalCommand="null"
[2026-05-24T18:18:58.593Z] [DEBUG customCommands] checking: "سبوتيفاي"
[2026-05-24T18:19:12.362Z] [DEBUG] cleanMessage="سبوتيفاي بتمنى انساك", originalCommand="null"
[2026-05-24T18:19:12.363Z] [DEBUG customCommands] checking: "سبوتيفاي بتمنى انساك"
[2026-05-24T18:19:23.309Z] [DEBUG] cleanMessage="الاوامر", originalCommand="null"
[2026-05-24T18:19:23.310Z] [DEBUG customCommands] checking: "الاوامر"
[2026-05-24T18:34:52.472Z] [DEBUG] cleanMessage="فيديو https://www.youtube.com/watch?v=dqw4w9wgxcq", originalCommand="null"
[2026-05-24T18:34:52.472Z] [DEBUG customCommands] checking: "فيديو https://www.youtube.com/watch?v=dqw4w9wgxcq"
[2026-05-24T18:34:55.608Z] [DEBUG] cleanMessage="فيديو https://www.tiktok.com/@chef_ousman/video/7614890236082015506", originalCommand="null"
[2026-05-24T18:34:55.608Z] [DEBUG customCommands] checking: "فيديو https://www.tiktok.com/@chef_ousman/video/7614890236082015506"
[2026-05-24T18:57:17.707Z] [DEBUG] cleanMessage="الاوامر", originalCommand="null"
[2026-05-24T18:57:17.707Z] [DEBUG customCommands] checking: "الاوامر"
[2026-05-24T18:58:20.726Z] [DEBUG] cleanMessage="فيديو https://www.youtube.com/watch?v=dqw4w9wgxcq", originalCommand="null"
[2026-05-24T18:58:20.727Z] [DEBUG customCommands] checking: "فيديو https://www.youtube.com/watch?v=dqw4w9wgxcq"
[2026-05-24T18:58:29.831Z] [DEBUG] cleanMessage="فيديو https://www.tiktok.com/@chef_ousman/video/7614890236082015506", originalCommand="null"
[2026-05-24T18:58:29.831Z] [DEBUG customCommands] checking: "فيديو https://www.tiktok.com/@chef_ousman/video/7614890236082015506"
[2026-05-24T19:02:41.557Z] [DEBUG] cleanMessage="فيديو https://www.youtube.com/watch?v=dqw4w9wgxcq", originalCommand="null"
[2026-05-24T19:02:41.558Z] [DEBUG customCommands] checking: "فيديو https://www.youtube.com/watch?v=dqw4w9wgxcq"
[2026-05-24T19:02:54.168Z] [DEBUG] cleanMessage="فيديو https://www.tiktok.com/@chef_ousman/video/7614890236082015506", originalCommand="null"
[2026-05-24T19:02:54.168Z] [DEBUG customCommands] checking: "فيديو https://www.tiktok.com/@chef_ousman/video/7614890236082015506"
[2026-05-24T19:31:59.616Z] [DEBUG] cleanMessage="فيديو https://www.tiktok.com/@chef_ousman/video/7614890236082015506", originalCommand="null"
[2026-05-24T19:31:59.617Z] [DEBUG customCommands] checking: "فيديو https://www.tiktok.com/@chef_ousman/video/7614890236082015506"
[2026-05-24T19:32:37.650Z] [DEBUG] cleanMessage="فيديو https://www.tiktok.com/@chef_ousman/video/7614890236082015506", originalCommand="null"
[2026-05-24T19:32:37.650Z] [DEBUG customCommands] checking: "فيديو https://www.tiktok.com/@chef_ousman/video/7614890236082015506"
[2026-05-24T20:00:08.088Z] [DEBUG] cleanMessage="فيديو https://www.tiktok.com/@chef_ousman/video/7614890236082015506", originalCommand="null"
[2026-05-24T20:00:08.089Z] [DEBUG customCommands] checking: "فيديو https://www.tiktok.com/@chef_ousman/video/7614890236082015506"
[2026-05-24T20:00:38.266Z] [DEBUG] cleanMessage="فيديو https://www.tiktok.com/@chef_ousman/video/7614890236082015506", originalCommand="null"
[2026-05-24T20:00:38.267Z] [DEBUG customCommands] checking: "فيديو https://www.tiktok.com/@chef_ousman/video/7614890236082015506"
[2026-05-24T20:00:38.444Z] [DEBUG] cleanMessage="فيديو https://www.youtube.com/watch?v=dqw4w9wgxcq", originalCommand="null"
[2026-05-24T20:00:38.444Z] [DEBUG customCommands] checking: "فيديو https://www.youtube.com/watch?v=dqw4w9wgxcq"
[2026-05-24T20:04:45.560Z] [DEBUG] cleanMessage="فيديو https://www.youtube.com/watch?v=dqw4w9wgxcq", originalCommand="null"
[2026-05-24T20:04:45.560Z] [DEBUG customCommands] checking: "فيديو https://www.youtube.com/watch?v=dqw4w9wgxcq"
[2026-05-24T20:04:48.157Z] [DEBUG] cleanMessage="فيديو https://www.tiktok.com/@chef_ousman/video/7614890236082015506", originalCommand="null"
[2026-05-24T20:04:48.158Z] [DEBUG customCommands] checking: "فيديو https://www.tiktok.com/@chef_ousman/video/7614890236082015506"
[2026-05-24T20:10:31.163Z] [DEBUG] cleanMessage="اغنية https://www.youtube.com/watch?v=dqw4w9wgxcq", originalCommand="null"
[2026-05-24T20:10:31.163Z] [DEBUG customCommands] checking: "اغنية https://www.youtube.com/watch?v=dqw4w9wgxcq"
[2026-05-24T20:10:47.842Z] [DEBUG] cleanMessage="اغنية https://www.tiktok.com/@chef_ousman/video/7614890236082015506", originalCommand="null"
[2026-05-24T20:10:47.842Z] [DEBUG customCommands] checking: "اغنية https://www.tiktok.com/@chef_ousman/video/7614890236082015506"
[2026-05-24T20:11:49.388Z] [DEBUG] cleanMessage="سبوتيفاي بتمنى انساك", originalCommand="null"
[2026-05-24T20:11:49.388Z] [DEBUG customCommands] checking: "سبوتيفاي بتمنى انساك"
[2026-05-24T20:16:51.042Z] [DEBUG] cleanMessage="م5", originalCommand="null"
[2026-05-24T20:16:51.043Z] [DEBUG customCommands] checking: "م5"
[2026-05-24T20:21:01.369Z] [DEBUG] cleanMessage="الرابط", originalCommand="null"
[2026-05-24T20:21:01.369Z] [DEBUG customCommands] checking: "الرابط"
[2026-05-24T20:21:21.299Z] [DEBUG] cleanMessage="معدني كسي", originalCommand="null"
[2026-05-24T20:21:21.299Z] [DEBUG customCommands] checking: "معدني كسي"
[2026-05-24T20:21:31.740Z] [DEBUG] cleanMessage="معدني اللهم اغفر لي", originalCommand="null"
[2026-05-24T20:21:31.740Z] [DEBUG customCommands] checking: "معدني اللهم اغفر لي"
[2026-05-24T20:21:42.572Z] [DEBUG] cleanMessage="ذكاء", originalCommand="null"
[2026-05-24T20:21:42.572Z] [DEBUG customCommands] checking: "ذكاء"
[2026-05-24T20:21:50.527Z] [DEBUG] cleanMessage="جبتي كيفك", originalCommand="null"
[2026-05-24T20:21:50.527Z] [DEBUG customCommands] checking: "جبتي كيفك"
[2026-05-25T08:01:36.158Z] [DEBUG] cleanMessage="جبتي", originalCommand="null"
[2026-05-25T08:01:36.159Z] [DEBUG customCommands] checking: "جبتي"
[2026-05-25T08:01:43.240Z] [DEBUG] cleanMessage="جبتي كيف الحال", originalCommand="null"
[2026-05-25T08:01:43.240Z] [DEBUG customCommands] checking: "جبتي كيف الحال"
[2026-05-25T08:01:47.984Z] [DEBUG] cleanMessage="ميتا كيفك", originalCommand="null"
[2026-05-25T08:01:47.985Z] [DEBUG customCommands] checking: "ميتا كيفك"
[2026-05-25T08:02:11.661Z] [DEBUG] cleanMessage="ميتا كس امك", originalCommand="null"
[2026-05-25T08:02:11.661Z] [DEBUG customCommands] checking: "ميتا كس امك"
[2026-05-25T08:02:29.654Z] [DEBUG] cleanMessage="ميتا ليش ماتتكلم عربي", originalCommand="null"
[2026-05-25T08:02:29.654Z] [DEBUG customCommands] checking: "ميتا ليش ماتتكلم عربي"
[2026-05-25T08:03:33.301Z] [DEBUG] cleanMessage="ميتا كيف", originalCommand="null"
[2026-05-25T08:03:33.301Z] [DEBUG customCommands] checking: "ميتا كيف"
[2026-05-25T08:03:57.420Z] [DEBUG] cleanMessage="ميتا احنا في اي يوم", originalCommand="null"
[2026-05-25T08:03:57.420Z] [DEBUG customCommands] checking: "ميتا احنا في اي يوم"
[2026-05-25T08:04:51.427Z] [DEBUG] cleanMessage="ميتا هل يمكنك معرفة التاريخ مثلا عبر البحث في الويب او الاستعلام من اي مكان", originalCommand="null"
[2026-05-25T08:04:51.427Z] [DEBUG customCommands] checking: "ميتا هل يمكنك معرفة التاريخ مثلا عبر البحث في الويب او الاستعلام من اي مكان"
[2026-05-25T08:06:30.180Z] [DEBUG] cleanMessage="جكني كيفك", originalCommand="null"
[2026-05-25T08:06:30.180Z] [DEBUG customCommands] checking: "جكني كيفك"
[2026-05-25T08:06:34.505Z] [DEBUG] cleanMessage="جمني كيف", originalCommand="null"
[2026-05-25T08:06:34.506Z] [DEBUG customCommands] checking: "جمني كيف"
[2026-05-25T08:06:40.266Z] [DEBUG] cleanMessage="جمناي كيف", originalCommand="null"
[2026-05-25T08:06:40.266Z] [DEBUG customCommands] checking: "جمناي كيف"
[2026-05-25T08:06:42.346Z] [DEBUG] cleanMessage="ذكاء", originalCommand="null"
[2026-05-25T08:06:42.346Z] [DEBUG customCommands] checking: "ذكاء"
[2026-05-25T08:06:53.462Z] [DEBUG] cleanMessage="جيمناي كيف", originalCommand="null"
[2026-05-25T08:06:53.462Z] [DEBUG customCommands] checking: "جيمناي كيف"
[2026-05-25T08:06:59.443Z] [DEBUG] cleanMessage="جيمني كيف", originalCommand="null"
[2026-05-25T08:06:59.443Z] [DEBUG customCommands] checking: "جيمني كيف"
